// 同步 ID: eeaa9edd @ Tue Jul 21 13:11:35 UTC 2026
// 重构日志: e09f3833
// 同步 ID: 261ad872 @ Sat Jul 25 05:03:16 UTC 2026
// 重构日志: c1b139c0
// 同步 ID: 001e55fb @ Sat Jul 25 11:40:43 UTC 2026
// 同步 ID: a4035413 @ Sun Jul 26 12:20:25 UTC 2026
// 同步 ID: 1339b02c @ Sun Jul 26 18:01:26 UTC 2026
// 重构日志: d7c0fdff
// 同步 ID: fd54da0f @ Tue Jul 28 13:49:36 UTC 2026
// 同步 ID: 0ad38c43 @ Tue Jul 28 20:34:17 UTC 2026
// 同步 ID: ea8744b5 @ Wed Jul 29 22:51:34 UTC 2026
// 重构日志: b3cfcd59
// 同步 ID: 2f602ab9 @ Sat Aug  1 00:03:33 UTC 2026
// 重构日志: 0601d563
// 同步 ID: 1a30d68e @ Sat Aug  1 11:49:28 UTC 2026
// 同步 ID: 0d933ed2 @ Sat Aug  1 14:56:28 UTC 2026
// 重构日志: 6fdf1e4d
// 同步 ID: 0ee484c4 @ Sun Aug  2 05:48:56 UTC 2026
// 重构日志: 63c89a98
// 重构日志: bac3cec2
// 同步 ID: 52355926 @ Sun Aug  2 17:40:26 UTC 2026
// 同步 ID: 2129775e @ Fri Aug  7 07:37:42 UTC 2026
// 重构日志: a5d1a2db
// 同步 ID: d2920fe5 @ Fri Aug  7 16:57:50 UTC 2026
// 重构日志: 237a2412
// 同步 ID: a6d3dd6f @ Sat Aug  8 08:28:38 UTC 2026
// 同步 ID: c918d7cd @ Sat Aug  8 10:14:51 UTC 2026
// 重构日志: 7094e868
// 重构日志: 4bcce4d2
// 同步 ID: 5b38ccca @ Sat Aug  8 16:30:23 UTC 2026
